src/utils/uploadCloudinary.ts(2,8): error TS1192: Module '"fs/promises"' has no default export.
src/utils/uploadCloudinary.ts(4,8): error TS1192: Module '"D:/html/Projects/plastic-renders/backend/node_modules/dotenv/lib/main"' has no default export.
